20230930	17:57:26	cff81228-345b-4bef-bf84-14239812c16e	TypeError: Cannot read properties of undefined (reading 'id')
